{"process": 1, "stage": "product-986073fa5307488b80689bf830497906-00-sealed", "status": "measured"}
{"process": 2, "stage": "product-986073fa5307488b80689bf830497906-00-direct", "status": "measured"}
{"process": 3, "stage": "product-986073fa5307488b80689bf830497906-01-sealed", "status": "measured"}
{"process": 4, "stage": "product-986073fa5307488b80689bf830497906-01-direct", "status": "measured"}
{"process": 5, "stage": "product-986073fa5307488b80689bf830497906-02-direct", "status": "measured"}
{"process": 6, "stage": "product-986073fa5307488b80689bf830497906-02-sealed", "status": "measured"}
{"process": 7, "stage": "product-986073fa5307488b80689bf830497906-03-sealed", "status": "measured"}
{"process": 8, "stage": "product-986073fa5307488b80689bf830497906-03-direct", "status": "measured"}
{"process": 9, "stage": "product-986073fa5307488b80689bf830497906-04-direct", "status": "measured"}
{"process": 10, "stage": "product-986073fa5307488b80689bf830497906-04-sealed", "status": "measured"}
{"process": 11, "stage": "product-986073fa5307488b80689bf830497906-05-direct", "status": "measured"}
{"process": 12, "stage": "product-986073fa5307488b80689bf830497906-05-sealed", "status": "measured"}
{"process": 13, "stage": "product-986073fa5307488b80689bf830497906-06-direct", "status": "measured"}
{"process": 14, "stage": "product-986073fa5307488b80689bf830497906-06-sealed", "status": "measured"}
{"process": 15, "stage": "product-986073fa5307488b80689bf830497906-07-sealed", "status": "measured"}
{"process": 16, "stage": "product-986073fa5307488b80689bf830497906-07-direct", "status": "measured"}
{"process": 17, "stage": "product-986073fa5307488b80689bf830497906-08-sealed", "status": "measured"}
{"process": 18, "stage": "product-986073fa5307488b80689bf830497906-08-direct", "status": "measured"}
{"process": 19, "stage": "product-986073fa5307488b80689bf830497906-09-direct", "status": "measured"}
{"process": 20, "stage": "product-986073fa5307488b80689bf830497906-09-sealed", "status": "measured"}
{"process": 21, "stage": "product-1a65b24b09f645e3833c4edb22d41816-00-sealed", "status": "measured"}
{"process": 22, "stage": "product-1a65b24b09f645e3833c4edb22d41816-00-direct", "status": "measured"}
{"process": 23, "stage": "product-1a65b24b09f645e3833c4edb22d41816-01-sealed", "status": "measured"}
{"process": 24, "stage": "product-1a65b24b09f645e3833c4edb22d41816-01-direct", "status": "measured"}
{"process": 25, "stage": "product-1a65b24b09f645e3833c4edb22d41816-02-direct", "status": "measured"}
{"process": 26, "stage": "product-1a65b24b09f645e3833c4edb22d41816-02-sealed", "status": "measured"}
{"process": 27, "stage": "product-1a65b24b09f645e3833c4edb22d41816-03-sealed", "status": "measured"}
{"process": 28, "stage": "product-1a65b24b09f645e3833c4edb22d41816-03-direct", "status": "measured"}
{"process": 29, "stage": "product-1a65b24b09f645e3833c4edb22d41816-04-direct", "status": "measured"}
{"process": 30, "stage": "product-1a65b24b09f645e3833c4edb22d41816-04-sealed", "status": "measured"}
{"process": 31, "stage": "product-1a65b24b09f645e3833c4edb22d41816-05-direct", "status": "measured"}
{"process": 32, "stage": "product-1a65b24b09f645e3833c4edb22d41816-05-sealed", "status": "measured"}
{"process": 33, "stage": "product-1a65b24b09f645e3833c4edb22d41816-06-direct", "status": "measured"}
{"process": 34, "stage": "product-1a65b24b09f645e3833c4edb22d41816-06-sealed", "status": "measured"}
{"process": 35, "stage": "product-1a65b24b09f645e3833c4edb22d41816-07-sealed", "status": "measured"}
{"process": 36, "stage": "product-1a65b24b09f645e3833c4edb22d41816-07-direct", "status": "measured"}
{"process": 37, "stage": "product-1a65b24b09f645e3833c4edb22d41816-08-sealed", "status": "measured"}
{"process": 38, "stage": "product-1a65b24b09f645e3833c4edb22d41816-08-direct", "status": "measured"}
{"process": 39, "stage": "product-1a65b24b09f645e3833c4edb22d41816-09-direct", "status": "measured"}
{"process": 40, "stage": "product-1a65b24b09f645e3833c4edb22d41816-09-sealed", "status": "measured"}
{"process": 41, "stage": "accepted-stock-run", "status": "measured"}
{"process": 42, "stage": "utility-cb9e1a2dd3b74f92831524cc3feeedfc-reference-00", "status": "measured"}
{"process": 1, "label": "reference-00", "tps": 24.50159707822283}
{"process": 43, "stage": "utility-cb9e1a2dd3b74f92831524cc3feeedfc-reference-01", "status": "measured"}
{"process": 2, "label": "reference-01", "tps": 21.413355041122006}
{"process": 44, "stage": "utility-cb9e1a2dd3b74f92831524cc3feeedfc-reference-02", "status": "measured"}
{"process": 3, "label": "reference-02", "tps": 21.028451453745724}
{"process": 45, "stage": "utility-cb9e1a2dd3b74f92831524cc3feeedfc-reference-03", "status": "measured"}
{"process": 4, "label": "reference-03", "tps": 21.165493614655816}
{"process": 46, "stage": "utility-cb9e1a2dd3b74f92831524cc3feeedfc-reference-04", "status": "measured"}
{"process": 5, "label": "reference-04", "tps": 21.381249604582603}
{"process": 47, "stage": "utility-cb9e1a2dd3b74f92831524cc3feeedfc-reference-05", "status": "measured"}
{"process": 6, "label": "reference-05", "tps": 21.46097876398427}
{"process": 48, "stage": "utility-cb9e1a2dd3b74f92831524cc3feeedfc-reference-06", "status": "measured"}
{"process": 7, "label": "reference-06", "tps": 21.139458078431517}
{"process": 49, "stage": "utility-cb9e1a2dd3b74f92831524cc3feeedfc-reference-07", "status": "measured"}
{"process": 8, "label": "reference-07", "tps": 21.604700068742613}
{"process": 50, "stage": "utility-cb9e1a2dd3b74f92831524cc3feeedfc-reference-08", "status": "measured"}
{"process": 9, "label": "reference-08", "tps": 21.43485685346265}
{"process": 51, "stage": "utility-cb9e1a2dd3b74f92831524cc3feeedfc-reference-09", "status": "measured"}
{"process": 10, "label": "reference-09", "tps": 21.276750475038778}
{"process": 52, "stage": "utility-cb9e1a2dd3b74f92831524cc3feeedfc-automatic-screen-00-6bb2a6c6b0db7f3419dba7ad93c7c3ce2b08dcc49aaac470841e9858a9afcedd", "status": "measured"}
{"process": 11, "label": "automatic-screen-00-6bb2a6c6b0db7f3419dba7ad93c7c3ce2b08dcc49aaac470841e9858a9afcedd", "tps": 23.388250346004497}
{"process": 53, "stage": "utility-cb9e1a2dd3b74f92831524cc3feeedfc-automatic-screen-00-67eadd060ad2a7b94c88433ca6f8c3e25b3f755297e20c7b8edf2c9cd23c9578", "status": "measured"}
{"process": 12, "label": "automatic-screen-00-67eadd060ad2a7b94c88433ca6f8c3e25b3f755297e20c7b8edf2c9cd23c9578", "tps": 20.234849936653458}
{"process": 54, "stage": "utility-cb9e1a2dd3b74f92831524cc3feeedfc-automatic-screen-00-b0d7440160e07256019727ff1eec6c7300a24c634fab0d004a4155f72c3bde1e", "status": "measured"}
{"process": 13, "label": "automatic-screen-00-b0d7440160e07256019727ff1eec6c7300a24c634fab0d004a4155f72c3bde1e", "tps": 21.959085848402793}
{"process": 55, "stage": "utility-cb9e1a2dd3b74f92831524cc3feeedfc-automatic-screen-00-39f7c14e830fcd54d28bc9d216529fe2f07ac74449bc570d28c3778b428aa638", "status": "measured"}
{"process": 14, "label": "automatic-screen-00-39f7c14e830fcd54d28bc9d216529fe2f07ac74449bc570d28c3778b428aa638", "tps": 21.923510584345482}
{"process": 56, "stage": "utility-cb9e1a2dd3b74f92831524cc3feeedfc-automatic-screen-00-25546fa6e9aa794b6bf9f6a63478795307918c1fd129d5fda6dcfaffd4193f39", "status": "measured"}
{"process": 15, "label": "automatic-screen-00-25546fa6e9aa794b6bf9f6a63478795307918c1fd129d5fda6dcfaffd4193f39", "tps": 23.174346903226056}
{"process": 57, "stage": "utility-cb9e1a2dd3b74f92831524cc3feeedfc-automatic-screen-00-29e69e6faab0f9a1c41d4a3dc2d391a20dcb462b4acc7a1f1aa2297485754a16", "status": "measured"}
{"process": 16, "label": "automatic-screen-00-29e69e6faab0f9a1c41d4a3dc2d391a20dcb462b4acc7a1f1aa2297485754a16", "tps": 21.268183570012493}
{"process": 58, "stage": "utility-cb9e1a2dd3b74f92831524cc3feeedfc-automatic-screen-01-39f7c14e830fcd54d28bc9d216529fe2f07ac74449bc570d28c3778b428aa638", "status": "measured"}
{"process": 17, "label": "automatic-screen-01-39f7c14e830fcd54d28bc9d216529fe2f07ac74449bc570d28c3778b428aa638", "tps": 21.23468671143674}
{"process": 59, "stage": "utility-cb9e1a2dd3b74f92831524cc3feeedfc-automatic-screen-01-25546fa6e9aa794b6bf9f6a63478795307918c1fd129d5fda6dcfaffd4193f39", "status": "measured"}
{"process": 18, "label": "automatic-screen-01-25546fa6e9aa794b6bf9f6a63478795307918c1fd129d5fda6dcfaffd4193f39", "tps": 22.650929402583063}
{"process": 60, "stage": "utility-cb9e1a2dd3b74f92831524cc3feeedfc-automatic-screen-01-67eadd060ad2a7b94c88433ca6f8c3e25b3f755297e20c7b8edf2c9cd23c9578", "status": "measured"}
{"process": 19, "label": "automatic-screen-01-67eadd060ad2a7b94c88433ca6f8c3e25b3f755297e20c7b8edf2c9cd23c9578", "tps": 20.086537668986335}
{"process": 61, "stage": "utility-cb9e1a2dd3b74f92831524cc3feeedfc-automatic-screen-01-b0d7440160e07256019727ff1eec6c7300a24c634fab0d004a4155f72c3bde1e", "status": "measured"}
{"process": 20, "label": "automatic-screen-01-b0d7440160e07256019727ff1eec6c7300a24c634fab0d004a4155f72c3bde1e", "tps": 22.203631499337945}
{"process": 62, "stage": "utility-cb9e1a2dd3b74f92831524cc3feeedfc-automatic-screen-01-29e69e6faab0f9a1c41d4a3dc2d391a20dcb462b4acc7a1f1aa2297485754a16", "status": "measured"}
{"process": 21, "label": "automatic-screen-01-29e69e6faab0f9a1c41d4a3dc2d391a20dcb462b4acc7a1f1aa2297485754a16", "tps": 21.404408455309895}
{"process": 63, "stage": "utility-cb9e1a2dd3b74f92831524cc3feeedfc-automatic-screen-01-6bb2a6c6b0db7f3419dba7ad93c7c3ce2b08dcc49aaac470841e9858a9afcedd", "status": "measured"}
{"process": 22, "label": "automatic-screen-01-6bb2a6c6b0db7f3419dba7ad93c7c3ce2b08dcc49aaac470841e9858a9afcedd", "tps": 23.704995406462658}
{"process": 64, "stage": "utility-cb9e1a2dd3b74f92831524cc3feeedfc-automatic-screen-02-29e69e6faab0f9a1c41d4a3dc2d391a20dcb462b4acc7a1f1aa2297485754a16", "status": "measured"}
{"process": 23, "label": "automatic-screen-02-29e69e6faab0f9a1c41d4a3dc2d391a20dcb462b4acc7a1f1aa2297485754a16", "tps": 21.489290065207403}
{"process": 65, "stage": "utility-cb9e1a2dd3b74f92831524cc3feeedfc-automatic-screen-02-b0d7440160e07256019727ff1eec6c7300a24c634fab0d004a4155f72c3bde1e", "status": "measured"}
{"process": 24, "label": "automatic-screen-02-b0d7440160e07256019727ff1eec6c7300a24c634fab0d004a4155f72c3bde1e", "tps": 22.17638525093663}
{"process": 66, "stage": "utility-cb9e1a2dd3b74f92831524cc3feeedfc-automatic-screen-02-25546fa6e9aa794b6bf9f6a63478795307918c1fd129d5fda6dcfaffd4193f39", "status": "measured"}
{"process": 25, "label": "automatic-screen-02-25546fa6e9aa794b6bf9f6a63478795307918c1fd129d5fda6dcfaffd4193f39", "tps": 23.790358984900696}
{"process": 67, "stage": "utility-cb9e1a2dd3b74f92831524cc3feeedfc-automatic-screen-02-39f7c14e830fcd54d28bc9d216529fe2f07ac74449bc570d28c3778b428aa638", "status": "measured"}
{"process": 26, "label": "automatic-screen-02-39f7c14e830fcd54d28bc9d216529fe2f07ac74449bc570d28c3778b428aa638", "tps": 22.36536443749798}
{"process": 68, "stage": "utility-cb9e1a2dd3b74f92831524cc3feeedfc-automatic-screen-02-6bb2a6c6b0db7f3419dba7ad93c7c3ce2b08dcc49aaac470841e9858a9afcedd", "status": "measured"}
{"process": 27, "label": "automatic-screen-02-6bb2a6c6b0db7f3419dba7ad93c7c3ce2b08dcc49aaac470841e9858a9afcedd", "tps": 24.141876527315542}
{"process": 69, "stage": "utility-cb9e1a2dd3b74f92831524cc3feeedfc-automatic-screen-02-67eadd060ad2a7b94c88433ca6f8c3e25b3f755297e20c7b8edf2c9cd23c9578", "status": "measured"}
{"process": 28, "label": "automatic-screen-02-67eadd060ad2a7b94c88433ca6f8c3e25b3f755297e20c7b8edf2c9cd23c9578", "tps": 20.22128084436486}
{"process": 70, "stage": "utility-cb9e1a2dd3b74f92831524cc3feeedfc-manual-screen-00-6bb2a6c6b0db7f3419dba7ad93c7c3ce2b08dcc49aaac470841e9858a9afcedd", "status": "measured"}
{"process": 29, "label": "manual-screen-00-6bb2a6c6b0db7f3419dba7ad93c7c3ce2b08dcc49aaac470841e9858a9afcedd", "tps": 23.691147395584043}
{"process": 71, "stage": "utility-cb9e1a2dd3b74f92831524cc3feeedfc-manual-screen-00-67eadd060ad2a7b94c88433ca6f8c3e25b3f755297e20c7b8edf2c9cd23c9578", "status": "measured"}
{"process": 30, "label": "manual-screen-00-67eadd060ad2a7b94c88433ca6f8c3e25b3f755297e20c7b8edf2c9cd23c9578", "tps": 20.025783979130317}
{"process": 72, "stage": "utility-cb9e1a2dd3b74f92831524cc3feeedfc-manual-screen-00-b0d7440160e07256019727ff1eec6c7300a24c634fab0d004a4155f72c3bde1e", "status": "measured"}
{"process": 31, "label": "manual-screen-00-b0d7440160e07256019727ff1eec6c7300a24c634fab0d004a4155f72c3bde1e", "tps": 22.51815515263989}
{"process": 73, "stage": "utility-cb9e1a2dd3b74f92831524cc3feeedfc-manual-screen-00-39f7c14e830fcd54d28bc9d216529fe2f07ac74449bc570d28c3778b428aa638", "status": "measured"}
{"process": 32, "label": "manual-screen-00-39f7c14e830fcd54d28bc9d216529fe2f07ac74449bc570d28c3778b428aa638", "tps": 22.416052976138197}
{"process": 74, "stage": "utility-cb9e1a2dd3b74f92831524cc3feeedfc-manual-screen-00-25546fa6e9aa794b6bf9f6a63478795307918c1fd129d5fda6dcfaffd4193f39", "status": "measured"}
{"process": 33, "label": "manual-screen-00-25546fa6e9aa794b6bf9f6a63478795307918c1fd129d5fda6dcfaffd4193f39", "tps": 23.487896691422392}
{"process": 75, "stage": "utility-cb9e1a2dd3b74f92831524cc3feeedfc-manual-screen-00-29e69e6faab0f9a1c41d4a3dc2d391a20dcb462b4acc7a1f1aa2297485754a16", "status": "measured"}
{"process": 34, "label": "manual-screen-00-29e69e6faab0f9a1c41d4a3dc2d391a20dcb462b4acc7a1f1aa2297485754a16", "tps": 21.33058346561489}
{"process": 76, "stage": "utility-cb9e1a2dd3b74f92831524cc3feeedfc-manual-screen-01-39f7c14e830fcd54d28bc9d216529fe2f07ac74449bc570d28c3778b428aa638", "status": "measured"}
{"process": 35, "label": "manual-screen-01-39f7c14e830fcd54d28bc9d216529fe2f07ac74449bc570d28c3778b428aa638", "tps": 22.385238054764784}
{"process": 77, "stage": "utility-cb9e1a2dd3b74f92831524cc3feeedfc-manual-screen-01-25546fa6e9aa794b6bf9f6a63478795307918c1fd129d5fda6dcfaffd4193f39", "status": "measured"}
{"process": 36, "label": "manual-screen-01-25546fa6e9aa794b6bf9f6a63478795307918c1fd129d5fda6dcfaffd4193f39", "tps": 23.853347013600555}
{"process": 78, "stage": "utility-cb9e1a2dd3b74f92831524cc3feeedfc-manual-screen-01-67eadd060ad2a7b94c88433ca6f8c3e25b3f755297e20c7b8edf2c9cd23c9578", "status": "measured"}
{"process": 37, "label": "manual-screen-01-67eadd060ad2a7b94c88433ca6f8c3e25b3f755297e20c7b8edf2c9cd23c9578", "tps": 20.35372063230423}
{"process": 79, "stage": "utility-cb9e1a2dd3b74f92831524cc3feeedfc-manual-screen-01-b0d7440160e07256019727ff1eec6c7300a24c634fab0d004a4155f72c3bde1e", "status": "measured"}
{"process": 38, "label": "manual-screen-01-b0d7440160e07256019727ff1eec6c7300a24c634fab0d004a4155f72c3bde1e", "tps": 22.083574944320926}
{"process": 80, "stage": "utility-cb9e1a2dd3b74f92831524cc3feeedfc-manual-screen-01-29e69e6faab0f9a1c41d4a3dc2d391a20dcb462b4acc7a1f1aa2297485754a16", "status": "measured"}
{"process": 39, "label": "manual-screen-01-29e69e6faab0f9a1c41d4a3dc2d391a20dcb462b4acc7a1f1aa2297485754a16", "tps": 21.689621516104545}
{"process": 81, "stage": "utility-cb9e1a2dd3b74f92831524cc3feeedfc-manual-screen-01-6bb2a6c6b0db7f3419dba7ad93c7c3ce2b08dcc49aaac470841e9858a9afcedd", "status": "measured"}
{"process": 40, "label": "manual-screen-01-6bb2a6c6b0db7f3419dba7ad93c7c3ce2b08dcc49aaac470841e9858a9afcedd", "tps": 24.115203981420176}
{"process": 82, "stage": "utility-cb9e1a2dd3b74f92831524cc3feeedfc-manual-screen-02-29e69e6faab0f9a1c41d4a3dc2d391a20dcb462b4acc7a1f1aa2297485754a16", "status": "measured"}
{"process": 41, "label": "manual-screen-02-29e69e6faab0f9a1c41d4a3dc2d391a20dcb462b4acc7a1f1aa2297485754a16", "tps": 21.842008222492254}
{"process": 83, "stage": "utility-cb9e1a2dd3b74f92831524cc3feeedfc-manual-screen-02-b0d7440160e07256019727ff1eec6c7300a24c634fab0d004a4155f72c3bde1e", "status": "measured"}
{"process": 42, "label": "manual-screen-02-b0d7440160e07256019727ff1eec6c7300a24c634fab0d004a4155f72c3bde1e", "tps": 22.64508778509812}
{"process": 84, "stage": "utility-cb9e1a2dd3b74f92831524cc3feeedfc-manual-screen-02-25546fa6e9aa794b6bf9f6a63478795307918c1fd129d5fda6dcfaffd4193f39", "status": "measured"}
{"process": 43, "label": "manual-screen-02-25546fa6e9aa794b6bf9f6a63478795307918c1fd129d5fda6dcfaffd4193f39", "tps": 23.957927259334316}
{"process": 85, "stage": "utility-cb9e1a2dd3b74f92831524cc3feeedfc-manual-screen-02-39f7c14e830fcd54d28bc9d216529fe2f07ac74449bc570d28c3778b428aa638", "status": "measured"}
{"process": 44, "label": "manual-screen-02-39f7c14e830fcd54d28bc9d216529fe2f07ac74449bc570d28c3778b428aa638", "tps": 22.418506757559697}
{"process": 86, "stage": "utility-cb9e1a2dd3b74f92831524cc3feeedfc-manual-screen-02-6bb2a6c6b0db7f3419dba7ad93c7c3ce2b08dcc49aaac470841e9858a9afcedd", "status": "measured"}
{"process": 45, "label": "manual-screen-02-6bb2a6c6b0db7f3419dba7ad93c7c3ce2b08dcc49aaac470841e9858a9afcedd", "tps": 24.10130153618495}
{"process": 87, "stage": "utility-cb9e1a2dd3b74f92831524cc3feeedfc-manual-screen-02-67eadd060ad2a7b94c88433ca6f8c3e25b3f755297e20c7b8edf2c9cd23c9578", "status": "measured"}
{"process": 46, "label": "manual-screen-02-67eadd060ad2a7b94c88433ca6f8c3e25b3f755297e20c7b8edf2c9cd23c9578", "tps": 20.708717010852016}
{"process": 88, "stage": "utility-cb9e1a2dd3b74f92831524cc3feeedfc-defaults-pair-00-sealed", "status": "measured"}
{"process": 47, "label": "defaults-pair-00-sealed", "tps": 23.76583044518924}
{"process": 89, "stage": "utility-cb9e1a2dd3b74f92831524cc3feeedfc-defaults-pair-00-direct", "status": "measured"}
{"process": 48, "label": "defaults-pair-00-direct", "tps": 21.434584056663326}
{"process": 90, "stage": "utility-cb9e1a2dd3b74f92831524cc3feeedfc-defaults-pair-01-sealed", "status": "measured"}
{"process": 49, "label": "defaults-pair-01-sealed", "tps": 24.066018729849116}
{"process": 91, "stage": "utility-cb9e1a2dd3b74f92831524cc3feeedfc-defaults-pair-01-direct", "status": "measured"}
{"process": 50, "label": "defaults-pair-01-direct", "tps": 21.402615382878995}
{"process": 92, "stage": "utility-cb9e1a2dd3b74f92831524cc3feeedfc-defaults-pair-02-direct", "status": "measured"}
{"process": 51, "label": "defaults-pair-02-direct", "tps": 21.544214387487255}
{"process": 93, "stage": "utility-cb9e1a2dd3b74f92831524cc3feeedfc-defaults-pair-02-sealed", "status": "measured"}
{"process": 52, "label": "defaults-pair-02-sealed", "tps": 24.017177911232604}
{"process": 94, "stage": "utility-cb9e1a2dd3b74f92831524cc3feeedfc-defaults-pair-03-sealed", "status": "measured"}
{"process": 53, "label": "defaults-pair-03-sealed", "tps": 23.818410300680913}
{"process": 95, "stage": "utility-cb9e1a2dd3b74f92831524cc3feeedfc-defaults-pair-03-direct", "status": "measured"}
{"process": 54, "label": "defaults-pair-03-direct", "tps": 21.77776025348632}
{"process": 96, "stage": "utility-cb9e1a2dd3b74f92831524cc3feeedfc-defaults-pair-04-direct", "status": "measured"}
{"process": 55, "label": "defaults-pair-04-direct", "tps": 21.266956503715676}
{"process": 97, "stage": "utility-cb9e1a2dd3b74f92831524cc3feeedfc-defaults-pair-04-sealed", "status": "measured"}
{"process": 56, "label": "defaults-pair-04-sealed", "tps": 23.507449152515136}
{"process": 98, "stage": "utility-cb9e1a2dd3b74f92831524cc3feeedfc-defaults-pair-05-direct", "status": "measured"}
{"process": 57, "label": "defaults-pair-05-direct", "tps": 22.03985675642786}
{"process": 99, "stage": "utility-cb9e1a2dd3b74f92831524cc3feeedfc-defaults-pair-05-sealed", "status": "measured"}
{"process": 58, "label": "defaults-pair-05-sealed", "tps": 23.92536780580078}
{"process": 100, "stage": "utility-cb9e1a2dd3b74f92831524cc3feeedfc-defaults-pair-06-direct", "status": "measured"}
{"process": 59, "label": "defaults-pair-06-direct", "tps": 22.386216806312355}
{"process": 101, "stage": "utility-cb9e1a2dd3b74f92831524cc3feeedfc-defaults-pair-06-sealed", "status": "measured"}
{"process": 60, "label": "defaults-pair-06-sealed", "tps": 24.356883141002758}
{"process": 102, "stage": "utility-cb9e1a2dd3b74f92831524cc3feeedfc-defaults-pair-07-sealed", "status": "measured"}
{"process": 61, "label": "defaults-pair-07-sealed", "tps": 24.38715949369018}
{"process": 103, "stage": "utility-cb9e1a2dd3b74f92831524cc3feeedfc-defaults-pair-07-direct", "status": "measured"}
{"process": 62, "label": "defaults-pair-07-direct", "tps": 23.448358676719355}
{"process": 104, "stage": "utility-cb9e1a2dd3b74f92831524cc3feeedfc-defaults-pair-08-sealed", "status": "measured"}
{"process": 63, "label": "defaults-pair-08-sealed", "tps": 24.386505536641724}
{"process": 105, "stage": "utility-cb9e1a2dd3b74f92831524cc3feeedfc-defaults-pair-08-direct", "status": "measured"}
{"process": 64, "label": "defaults-pair-08-direct", "tps": 22.332276533950427}
{"process": 106, "stage": "utility-cb9e1a2dd3b74f92831524cc3feeedfc-defaults-pair-09-direct", "status": "measured"}
{"process": 65, "label": "defaults-pair-09-direct", "tps": 22.401452314155343}
{"process": 107, "stage": "utility-cb9e1a2dd3b74f92831524cc3feeedfc-defaults-pair-09-sealed", "status": "measured"}
{"process": 66, "label": "defaults-pair-09-sealed", "tps": 24.353307897444797}
{"process": 108, "stage": "confirmation", "status": "measured"}
{"process": 67, "label": "manual-pair-00-sealed", "tps": 24.261769327437218}
{"process": 109, "stage": "utility-cb9e1a2dd3b74f92831524cc3feeedfc-manual-pair-00-direct", "status": "measured"}
{"process": 68, "label": "manual-pair-00-direct", "tps": 24.32771754265535}
{"process": 110, "stage": "confirmation", "status": "measured"}
{"process": 69, "label": "manual-pair-01-sealed", "tps": 23.78811848527297}
{"process": 111, "stage": "utility-cb9e1a2dd3b74f92831524cc3feeedfc-manual-pair-01-direct", "status": "measured"}
{"process": 70, "label": "manual-pair-01-direct", "tps": 24.141229967376336}
{"process": 112, "stage": "utility-cb9e1a2dd3b74f92831524cc3feeedfc-manual-pair-02-direct", "status": "measured"}
{"process": 71, "label": "manual-pair-02-direct", "tps": 24.220678385249002}
{"process": 113, "stage": "confirmation", "status": "measured"}
{"process": 72, "label": "manual-pair-02-sealed", "tps": 24.254770977404267}
{"process": 114, "stage": "confirmation", "status": "measured"}
{"process": 73, "label": "manual-pair-03-sealed", "tps": 24.174427940728272}
{"process": 115, "stage": "utility-cb9e1a2dd3b74f92831524cc3feeedfc-manual-pair-03-direct", "status": "measured"}
{"process": 74, "label": "manual-pair-03-direct", "tps": 24.283394422037905}
{"process": 116, "stage": "utility-cb9e1a2dd3b74f92831524cc3feeedfc-manual-pair-04-direct", "status": "measured"}
{"process": 75, "label": "manual-pair-04-direct", "tps": 24.17182009556367}
{"process": 117, "stage": "confirmation", "status": "measured"}
{"process": 76, "label": "manual-pair-04-sealed", "tps": 24.09758202885168}
{"process": 118, "stage": "utility-cb9e1a2dd3b74f92831524cc3feeedfc-manual-pair-05-direct", "status": "measured"}
{"process": 77, "label": "manual-pair-05-direct", "tps": 23.481417301658613}
{"process": 119, "stage": "confirmation", "status": "measured"}
{"process": 78, "label": "manual-pair-05-sealed", "tps": 24.04422446692381}
{"process": 120, "stage": "utility-cb9e1a2dd3b74f92831524cc3feeedfc-manual-pair-06-direct", "status": "measured"}
{"process": 79, "label": "manual-pair-06-direct", "tps": 24.204438630756798}
{"process": 121, "stage": "confirmation", "status": "measured"}
{"process": 80, "label": "manual-pair-06-sealed", "tps": 24.238204361863705}
{"process": 122, "stage": "confirmation", "status": "measured"}
{"process": 81, "label": "manual-pair-07-sealed", "tps": 23.87074587875302}
{"process": 123, "stage": "utility-cb9e1a2dd3b74f92831524cc3feeedfc-manual-pair-07-direct", "status": "measured"}
{"process": 82, "label": "manual-pair-07-direct", "tps": 23.989893132991487}
{"process": 124, "stage": "confirmation", "status": "measured"}
{"process": 83, "label": "manual-pair-08-sealed", "tps": 24.240150580572912}
{"process": 125, "stage": "utility-cb9e1a2dd3b74f92831524cc3feeedfc-manual-pair-08-direct", "status": "measured"}
{"process": 84, "label": "manual-pair-08-direct", "tps": 23.94453361029177}
{"process": 126, "stage": "utility-cb9e1a2dd3b74f92831524cc3feeedfc-manual-pair-09-direct", "status": "measured"}
{"process": 85, "label": "manual-pair-09-direct", "tps": 24.17369631775115}
{"process": 127, "stage": "confirmation", "status": "measured"}
{"process": 86, "label": "manual-pair-09-sealed", "tps": 24.20527167179051}
{"process": 128, "stage": "product-51957cc443e04bcebff36b8f13da7bb2-00-sealed", "status": "measured"}
{"process": 129, "stage": "product-51957cc443e04bcebff36b8f13da7bb2-00-direct", "status": "measured"}
{"process": 130, "stage": "product-51957cc443e04bcebff36b8f13da7bb2-01-sealed", "status": "measured"}
{"process": 131, "stage": "product-51957cc443e04bcebff36b8f13da7bb2-01-direct", "status": "measured"}
{"process": 132, "stage": "product-51957cc443e04bcebff36b8f13da7bb2-02-direct", "status": "measured"}
{"process": 133, "stage": "product-51957cc443e04bcebff36b8f13da7bb2-02-sealed", "status": "measured"}
{"process": 134, "stage": "product-51957cc443e04bcebff36b8f13da7bb2-03-sealed", "status": "measured"}
{"process": 135, "stage": "product-51957cc443e04bcebff36b8f13da7bb2-03-direct", "status": "measured"}
{"process": 136, "stage": "product-51957cc443e04bcebff36b8f13da7bb2-04-direct", "status": "measured"}
{"process": 137, "stage": "product-51957cc443e04bcebff36b8f13da7bb2-04-sealed", "status": "measured"}
{"process": 138, "stage": "product-51957cc443e04bcebff36b8f13da7bb2-05-direct", "status": "measured"}
{"process": 139, "stage": "product-51957cc443e04bcebff36b8f13da7bb2-05-sealed", "status": "measured"}
{"process": 140, "stage": "product-51957cc443e04bcebff36b8f13da7bb2-06-direct", "status": "measured"}
{"process": 141, "stage": "product-51957cc443e04bcebff36b8f13da7bb2-06-sealed", "status": "measured"}
{"process": 142, "stage": "product-51957cc443e04bcebff36b8f13da7bb2-07-sealed", "status": "measured"}
{"process": 143, "stage": "product-51957cc443e04bcebff36b8f13da7bb2-07-direct", "status": "measured"}
{"process": 144, "stage": "product-51957cc443e04bcebff36b8f13da7bb2-08-sealed", "status": "measured"}
{"process": 145, "stage": "product-51957cc443e04bcebff36b8f13da7bb2-08-direct", "status": "measured"}
{"process": 146, "stage": "product-51957cc443e04bcebff36b8f13da7bb2-09-direct", "status": "measured"}
{"process": 147, "stage": "product-51957cc443e04bcebff36b8f13da7bb2-09-sealed", "status": "measured"}
{"process": 148, "stage": "accepted-stock-run", "status": "measured"}
{"status": "PASS-STOCK-REPEATABILITY-TRANSFER", "reason": null, "report": "C:\\models\\expertflow\\runs\\compiler-stock-repeatability-20261004\\report.json"}
