F                                                                        [100%]
================================== FAILURES ===================================
__ test_collector_persists_full_elapsed_cost_and_reconstructs_before_success __

completed = (WindowsPath('C:/Users/Hank47/AppData/Local/Temp/pytest-of-Hank47/pytest-1348/stock-repeatability0'), <test_compiler_s...'PASS-MEASUREMENT'}], 'collector_elapsed_ns': 4440598000000, 'collector_finished_monotonic_ns': 185786827000000, ...}))

    def test_collector_persists_full_elapsed_cost_and_reconstructs_before_success(completed):
        _, clock, (_, _, _, _, _, report)=completed
        assert report['collector_elapsed_ns']==report['collector_finished_monotonic_ns']-report['collector_started_monotonic_ns']
        assert report['collector_elapsed_ns']>=sum(a['wait_elapsed_ns'] for a in report['attempts'])
        assert report['reconstruction']['status']=='PASS-STOCK-REPEATABILITY-TRANSFER'
>       assert clock.terminal_states==['PENDING-RECONSTRUCTION']
E       AssertionError: assert ['PASS-STOCK-...ITY-TRANSFER'] == ['PENDING-RECONSTRUCTION']
E         
E         At index 0 diff: 'PASS-STOCK-REPEATABILITY-TRANSFER' != 'PENDING-RECONSTRUCTION'
E         Use -v to get more diff

tests\test_compiler_stock_repeatability.py:366: AssertionError
---------------------------- Captured stdout setup ----------------------------
{"process": 1, "stage": "product-50e75d1b86774944b0cf32e32d23f2a2-00-sealed", "status": "measured"}
{"process": 2, "stage": "product-50e75d1b86774944b0cf32e32d23f2a2-00-direct", "status": "measured"}
{"process": 3, "stage": "product-50e75d1b86774944b0cf32e32d23f2a2-01-sealed", "status": "measured"}
{"process": 4, "stage": "product-50e75d1b86774944b0cf32e32d23f2a2-01-direct", "status": "measured"}
{"process": 5, "stage": "product-50e75d1b86774944b0cf32e32d23f2a2-02-direct", "status": "measured"}
{"process": 6, "stage": "product-50e75d1b86774944b0cf32e32d23f2a2-02-sealed", "status": "measured"}
{"process": 7, "stage": "product-50e75d1b86774944b0cf32e32d23f2a2-03-sealed", "status": "measured"}
{"process": 8, "stage": "product-50e75d1b86774944b0cf32e32d23f2a2-03-direct", "status": "measured"}
{"process": 9, "stage": "product-50e75d1b86774944b0cf32e32d23f2a2-04-direct", "status": "measured"}
{"process": 10, "stage": "product-50e75d1b86774944b0cf32e32d23f2a2-04-sealed", "status": "measured"}
{"process": 11, "stage": "product-50e75d1b86774944b0cf32e32d23f2a2-05-direct", "status": "measured"}
{"process": 12, "stage": "product-50e75d1b86774944b0cf32e32d23f2a2-05-sealed", "status": "measured"}
{"process": 13, "stage": "product-50e75d1b86774944b0cf32e32d23f2a2-06-direct", "status": "measured"}
{"process": 14, "stage": "product-50e75d1b86774944b0cf32e32d23f2a2-06-sealed", "status": "measured"}
{"process": 15, "stage": "product-50e75d1b86774944b0cf32e32d23f2a2-07-sealed", "status": "measured"}
{"process": 16, "stage": "product-50e75d1b86774944b0cf32e32d23f2a2-07-direct", "status": "measured"}
{"process": 17, "stage": "product-50e75d1b86774944b0cf32e32d23f2a2-08-sealed", "status": "measured"}
{"process": 18, "stage": "product-50e75d1b86774944b0cf32e32d23f2a2-08-direct", "status": "measured"}
{"process": 19, "stage": "product-50e75d1b86774944b0cf32e32d23f2a2-09-direct", "status": "measured"}
{"process": 20, "stage": "product-50e75d1b86774944b0cf32e32d23f2a2-09-sealed", "status": "measured"}
{"process": 21, "stage": "product-b4d916c7adec4c19a150bea017cf6960-00-sealed", "status": "measured"}
{"process": 22, "stage": "product-b4d916c7adec4c19a150bea017cf6960-00-direct", "status": "measured"}
{"process": 23, "stage": "product-b4d916c7adec4c19a150bea017cf6960-01-sealed", "status": "measured"}
{"process": 24, "stage": "product-b4d916c7adec4c19a150bea017cf6960-01-direct", "status": "measured"}
{"process": 25, "stage": "product-b4d916c7adec4c19a150bea017cf6960-02-direct", "status": "measured"}
{"process": 26, "stage": "product-b4d916c7adec4c19a150bea017cf6960-02-sealed", "status": "measured"}
{"process": 27, "stage": "product-b4d916c7adec4c19a150bea017cf6960-03-sealed", "status": "measured"}
{"process": 28, "stage": "product-b4d916c7adec4c19a150bea017cf6960-03-direct", "status": "measured"}
{"process": 29, "stage": "product-b4d916c7adec4c19a150bea017cf6960-04-direct", "status": "measured"}
{"process": 30, "stage": "product-b4d916c7adec4c19a150bea017cf6960-04-sealed", "status": "measured"}
{"process": 31, "stage": "product-b4d916c7adec4c19a150bea017cf6960-05-direct", "status": "measured"}
{"process": 32, "stage": "product-b4d916c7adec4c19a150bea017cf6960-05-sealed", "status": "measured"}
{"process": 33, "stage": "product-b4d916c7adec4c19a150bea017cf6960-06-direct", "status": "measured"}
{"process": 34, "stage": "product-b4d916c7adec4c19a150bea017cf6960-06-sealed", "status": "measured"}
{"process": 35, "stage": "product-b4d916c7adec4c19a150bea017cf6960-07-sealed", "status": "measured"}
{"process": 36, "stage": "product-b4d916c7adec4c19a150bea017cf6960-07-direct", "status": "measured"}
{"process": 37, "stage": "product-b4d916c7adec4c19a150bea017cf6960-08-sealed", "status": "measured"}
{"process": 38, "stage": "product-b4d916c7adec4c19a150bea017cf6960-08-direct", "status": "measured"}
{"process": 39, "stage": "product-b4d916c7adec4c19a150bea017cf6960-09-direct", "status": "measured"}
{"process": 40, "stage": "product-b4d916c7adec4c19a150bea017cf6960-09-sealed", "status": "measured"}
{"process": 41, "stage": "accepted-stock-run", "status": "measured"}
{"process": 42, "stage": "utility-bddcb8c7fd8344038bf896408af9873e-reference-00", "status": "measured"}
{"process": 1, "label": "reference-00", "tps": 20.0}
{"process": 43, "stage": "utility-bddcb8c7fd8344038bf896408af9873e-reference-01", "status": "measured"}
{"process": 2, "label": "reference-01", "tps": 20.0}
{"process": 44, "stage": "utility-bddcb8c7fd8344038bf896408af9873e-reference-02", "status": "measured"}
{"process": 3, "label": "reference-02", "tps": 20.0}
{"process": 45, "stage": "utility-bddcb8c7fd8344038bf896408af9873e-reference-03", "status": "measured"}
{"process": 4, "label": "reference-03", "tps": 20.0}
{"process": 46, "stage": "utility-bddcb8c7fd8344038bf896408af9873e-reference-04", "status": "measured"}
{"process": 5, "label": "reference-04", "tps": 20.0}
{"process": 47, "stage": "utility-bddcb8c7fd8344038bf896408af9873e-reference-05", "status": "measured"}
{"process": 6, "label": "reference-05", "tps": 20.0}
{"process": 48, "stage": "utility-bddcb8c7fd8344038bf896408af9873e-reference-06", "status": "measured"}
{"process": 7, "label": "reference-06", "tps": 20.0}
{"process": 49, "stage": "utility-bddcb8c7fd8344038bf896408af9873e-reference-07", "status": "measured"}
{"process": 8, "label": "reference-07", "tps": 20.0}
{"process": 50, "stage": "utility-bddcb8c7fd8344038bf896408af9873e-reference-08", "status": "measured"}
{"process": 9, "label": "reference-08", "tps": 20.0}
{"process": 51, "stage": "utility-bddcb8c7fd8344038bf896408af9873e-reference-09", "status": "measured"}
{"process": 10, "label": "reference-09", "tps": 20.0}
{"process": 52, "stage": "utility-bddcb8c7fd8344038bf896408af9873e-automatic-screen-00-95f738b90403f3f88490a27f826e8a2836cecddbfd2ce1282a2e3732a1863fed", "status": "measured"}
{"process": 11, "label": "automatic-screen-00-95f738b90403f3f88490a27f826e8a2836cecddbfd2ce1282a2e3732a1863fed", "tps": 22.0}
{"process": 53, "stage": "utility-bddcb8c7fd8344038bf896408af9873e-automatic-screen-00-613eb17f5c5ca6bcd9549bcbfe2c53f816747af347fed31aa41cdf42158bd57e", "status": "measured"}
{"process": 12, "label": "automatic-screen-00-613eb17f5c5ca6bcd9549bcbfe2c53f816747af347fed31aa41cdf42158bd57e", "tps": 20.0}
{"process": 54, "stage": "utility-bddcb8c7fd8344038bf896408af9873e-automatic-screen-00-d96d3d301ea4f29225ca4cc3b44d2b158ed0e2d3b97ce07f6fd0e9abd28ba576", "status": "measured"}
{"process": 13, "label": "automatic-screen-00-d96d3d301ea4f29225ca4cc3b44d2b158ed0e2d3b97ce07f6fd0e9abd28ba576", "tps": 20.0}
{"process": 55, "stage": "utility-bddcb8c7fd8344038bf896408af9873e-automatic-screen-00-2bd549564b6cb0473690b09084e13882d7ec8ed4f9274fea2889eb3a426de7fe", "status": "measured"}
{"process": 14, "label": "automatic-screen-00-2bd549564b6cb0473690b09084e13882d7ec8ed4f9274fea2889eb3a426de7fe", "tps": 20.0}
{"process": 56, "stage": "utility-bddcb8c7fd8344038bf896408af9873e-automatic-screen-00-01334742e21e0069db6b4385b35c1cfecf4b1021fb44e49cf2ca4b1d59eb390c", "status": "measured"}
{"process": 15, "label": "automatic-screen-00-01334742e21e0069db6b4385b35c1cfecf4b1021fb44e49cf2ca4b1d59eb390c", "tps": 20.0}
{"process": 57, "stage": "utility-bddcb8c7fd8344038bf896408af9873e-automatic-screen-00-242f80a9cec8ff68fac706a7e2455b15628d3a1f49c8eac46807f34add954328", "status": "measured"}
{"process": 16, "label": "automatic-screen-00-242f80a9cec8ff68fac706a7e2455b15628d3a1f49c8eac46807f34add954328", "tps": 20.0}
{"process": 58, "stage": "utility-bddcb8c7fd8344038bf896408af9873e-automatic-screen-01-2bd549564b6cb0473690b09084e13882d7ec8ed4f9274fea2889eb3a426de7fe", "status": "measured"}
{"process": 17, "label": "automatic-screen-01-2bd549564b6cb0473690b09084e13882d7ec8ed4f9274fea2889eb3a426de7fe", "tps": 20.0}
{"process": 59, "stage": "utility-bddcb8c7fd8344038bf896408af9873e-automatic-screen-01-01334742e21e0069db6b4385b35c1cfecf4b1021fb44e49cf2ca4b1d59eb390c", "status": "measured"}
{"process": 18, "label": "automatic-screen-01-01334742e21e0069db6b4385b35c1cfecf4b1021fb44e49cf2ca4b1d59eb390c", "tps": 20.0}
{"process": 60, "stage": "utility-bddcb8c7fd8344038bf896408af9873e-automatic-screen-01-613eb17f5c5ca6bcd9549bcbfe2c53f816747af347fed31aa41cdf42158bd57e", "status": "measured"}
{"process": 19, "label": "automatic-screen-01-613eb17f5c5ca6bcd9549bcbfe2c53f816747af347fed31aa41cdf42158bd57e", "tps": 20.0}
{"process": 61, "stage": "utility-bddcb8c7fd8344038bf896408af9873e-automatic-screen-01-d96d3d301ea4f29225ca4cc3b44d2b158ed0e2d3b97ce07f6fd0e9abd28ba576", "status": "measured"}
{"process": 20, "label": "automatic-screen-01-d96d3d301ea4f29225ca4cc3b44d2b158ed0e2d3b97ce07f6fd0e9abd28ba576", "tps": 20.0}
{"process": 62, "stage": "utility-bddcb8c7fd8344038bf896408af9873e-automatic-screen-01-242f80a9cec8ff68fac706a7e2455b15628d3a1f49c8eac46807f34add954328", "status": "measured"}
{"process": 21, "label": "automatic-screen-01-242f80a9cec8ff68fac706a7e2455b15628d3a1f49c8eac46807f34add954328", "tps": 20.0}
{"process": 63, "stage": "utility-bddcb8c7fd8344038bf896408af9873e-automatic-screen-01-95f738b90403f3f88490a27f826e8a2836cecddbfd2ce1282a2e3732a1863fed", "status": "measured"}
{"process": 22, "label": "automatic-screen-01-95f738b90403f3f88490a27f826e8a2836cecddbfd2ce1282a2e3732a1863fed", "tps": 22.0}
{"process": 64, "stage": "utility-bddcb8c7fd8344038bf896408af9873e-automatic-screen-02-242f80a9cec8ff68fac706a7e2455b15628d3a1f49c8eac46807f34add954328", "status": "measured"}
{"process": 23, "label": "automatic-screen-02-242f80a9cec8ff68fac706a7e2455b15628d3a1f49c8eac46807f34add954328", "tps": 20.0}
{"process": 65, "stage": "utility-bddcb8c7fd8344038bf896408af9873e-automatic-screen-02-d96d3d301ea4f29225ca4cc3b44d2b158ed0e2d3b97ce07f6fd0e9abd28ba576", "status": "measured"}
{"process": 24, "label": "automatic-screen-02-d96d3d301ea4f29225ca4cc3b44d2b158ed0e2d3b97ce07f6fd0e9abd28ba576", "tps": 20.0}
{"process": 66, "stage": "utility-bddcb8c7fd8344038bf896408af9873e-automatic-screen-02-01334742e21e0069db6b4385b35c1cfecf4b1021fb44e49cf2ca4b1d59eb390c", "status": "measured"}
{"process": 25, "label": "automatic-screen-02-01334742e21e0069db6b4385b35c1cfecf4b1021fb44e49cf2ca4b1d59eb390c", "tps": 20.0}
{"process": 67, "stage": "utility-bddcb8c7fd8344038bf896408af9873e-automatic-screen-02-2bd549564b6cb0473690b09084e13882d7ec8ed4f9274fea2889eb3a426de7fe", "status": "measured"}
{"process": 26, "label": "automatic-screen-02-2bd549564b6cb0473690b09084e13882d7ec8ed4f9274fea2889eb3a426de7fe", "tps": 20.0}
{"process": 68, "stage": "utility-bddcb8c7fd8344038bf896408af9873e-automatic-screen-02-95f738b90403f3f88490a27f826e8a2836cecddbfd2ce1282a2e3732a1863fed", "status": "measured"}
{"process": 27, "label": "automatic-screen-02-95f738b90403f3f88490a27f826e8a2836cecddbfd2ce1282a2e3732a1863fed", "tps": 22.0}
{"process": 69, "stage": "utility-bddcb8c7fd8344038bf896408af9873e-automatic-screen-02-613eb17f5c5ca6bcd9549bcbfe2c53f816747af347fed31aa41cdf42158bd57e", "status": "measured"}
{"process": 28, "label": "automatic-screen-02-613eb17f5c5ca6bcd9549bcbfe2c53f816747af347fed31aa41cdf42158bd57e", "tps": 20.0}
{"process": 70, "stage": "utility-bddcb8c7fd8344038bf896408af9873e-manual-screen-00-95f738b90403f3f88490a27f826e8a2836cecddbfd2ce1282a2e3732a1863fed", "status": "measured"}
{"process": 29, "label": "manual-screen-00-95f738b90403f3f88490a27f826e8a2836cecddbfd2ce1282a2e3732a1863fed", "tps": 22.0}
{"process": 71, "stage": "utility-bddcb8c7fd8344038bf896408af9873e-manual-screen-00-613eb17f5c5ca6bcd9549bcbfe2c53f816747af347fed31aa41cdf42158bd57e", "status": "measured"}
{"process": 30, "label": "manual-screen-00-613eb17f5c5ca6bcd9549bcbfe2c53f816747af347fed31aa41cdf42158bd57e", "tps": 20.0}
{"process": 72, "stage": "utility-bddcb8c7fd8344038bf896408af9873e-manual-screen-00-d96d3d301ea4f29225ca4cc3b44d2b158ed0e2d3b97ce07f6fd0e9abd28ba576", "status": "measured"}
{"process": 31, "label": "manual-screen-00-d96d3d301ea4f29225ca4cc3b44d2b158ed0e2d3b97ce07f6fd0e9abd28ba576", "tps": 20.0}
{"process": 73, "stage": "utility-bddcb8c7fd8344038bf896408af9873e-manual-screen-00-2bd549564b6cb0473690b09084e13882d7ec8ed4f9274fea2889eb3a426de7fe", "status": "measured"}
{"process": 32, "label": "manual-screen-00-2bd549564b6cb0473690b09084e13882d7ec8ed4f9274fea2889eb3a426de7fe", "tps": 20.0}
{"process": 74, "stage": "utility-bddcb8c7fd8344038bf896408af9873e-manual-screen-00-01334742e21e0069db6b4385b35c1cfecf4b1021fb44e49cf2ca4b1d59eb390c", "status": "measured"}
{"process": 33, "label": "manual-screen-00-01334742e21e0069db6b4385b35c1cfecf4b1021fb44e49cf2ca4b1d59eb390c", "tps": 20.0}
{"process": 75, "stage": "utility-bddcb8c7fd8344038bf896408af9873e-manual-screen-00-242f80a9cec8ff68fac706a7e2455b15628d3a1f49c8eac46807f34add954328", "status": "measured"}
{"process": 34, "label": "manual-screen-00-242f80a9cec8ff68fac706a7e2455b15628d3a1f49c8eac46807f34add954328", "tps": 20.0}
{"process": 76, "stage": "utility-bddcb8c7fd8344038bf896408af9873e-manual-screen-01-2bd549564b6cb0473690b09084e13882d7ec8ed4f9274fea2889eb3a426de7fe", "status": "measured"}
{"process": 35, "label": "manual-screen-01-2bd549564b6cb0473690b09084e13882d7ec8ed4f9274fea2889eb3a426de7fe", "tps": 20.0}
{"process": 77, "stage": "utility-bddcb8c7fd8344038bf896408af9873e-manual-screen-01-01334742e21e0069db6b4385b35c1cfecf4b1021fb44e49cf2ca4b1d59eb390c", "status": "measured"}
{"process": 36, "label": "manual-screen-01-01334742e21e0069db6b4385b35c1cfecf4b1021fb44e49cf2ca4b1d59eb390c", "tps": 20.0}
{"process": 78, "stage": "utility-bddcb8c7fd8344038bf896408af9873e-manual-screen-01-613eb17f5c5ca6bcd9549bcbfe2c53f816747af347fed31aa41cdf42158bd57e", "status": "measured"}
{"process": 37, "label": "manual-screen-01-613eb17f5c5ca6bcd9549bcbfe2c53f816747af347fed31aa41cdf42158bd57e", "tps": 20.0}
{"process": 79, "stage": "utility-bddcb8c7fd8344038bf896408af9873e-manual-screen-01-d96d3d301ea4f29225ca4cc3b44d2b158ed0e2d3b97ce07f6fd0e9abd28ba576", "status": "measured"}
{"process": 38, "label": "manual-screen-01-d96d3d301ea4f29225ca4cc3b44d2b158ed0e2d3b97ce07f6fd0e9abd28ba576", "tps": 20.0}
{"process": 80, "stage": "utility-bddcb8c7fd8344038bf896408af9873e-manual-screen-01-242f80a9cec8ff68fac706a7e2455b15628d3a1f49c8eac46807f34add954328", "status": "measured"}
{"process": 39, "label": "manual-screen-01-242f80a9cec8ff68fac706a7e2455b15628d3a1f49c8eac46807f34add954328", "tps": 20.0}
{"process": 81, "stage": "utility-bddcb8c7fd8344038bf896408af9873e-manual-screen-01-95f738b90403f3f88490a27f826e8a2836cecddbfd2ce1282a2e3732a1863fed", "status": "measured"}
{"process": 40, "label": "manual-screen-01-95f738b90403f3f88490a27f826e8a2836cecddbfd2ce1282a2e3732a1863fed", "tps": 22.0}
{"process": 82, "stage": "utility-bddcb8c7fd8344038bf896408af9873e-manual-screen-02-242f80a9cec8ff68fac706a7e2455b15628d3a1f49c8eac46807f34add954328", "status": "measured"}
{"process": 41, "label": "manual-screen-02-242f80a9cec8ff68fac706a7e2455b15628d3a1f49c8eac46807f34add954328", "tps": 20.0}
{"process": 83, "stage": "utility-bddcb8c7fd8344038bf896408af9873e-manual-screen-02-d96d3d301ea4f29225ca4cc3b44d2b158ed0e2d3b97ce07f6fd0e9abd28ba576", "status": "measured"}
{"process": 42, "label": "manual-screen-02-d96d3d301ea4f29225ca4cc3b44d2b158ed0e2d3b97ce07f6fd0e9abd28ba576", "tps": 20.0}
{"process": 84, "stage": "utility-bddcb8c7fd8344038bf896408af9873e-manual-screen-02-01334742e21e0069db6b4385b35c1cfecf4b1021fb44e49cf2ca4b1d59eb390c", "status": "measured"}
{"process": 43, "label": "manual-screen-02-01334742e21e0069db6b4385b35c1cfecf4b1021fb44e49cf2ca4b1d59eb390c", "tps": 20.0}
{"process": 85, "stage": "utility-bddcb8c7fd8344038bf896408af9873e-manual-screen-02-2bd549564b6cb0473690b09084e13882d7ec8ed4f9274fea2889eb3a426de7fe", "status": "measured"}
{"process": 44, "label": "manual-screen-02-2bd549564b6cb0473690b09084e13882d7ec8ed4f9274fea2889eb3a426de7fe", "tps": 20.0}
{"process": 86, "stage": "utility-bddcb8c7fd8344038bf896408af9873e-manual-screen-02-95f738b90403f3f88490a27f826e8a2836cecddbfd2ce1282a2e3732a1863fed", "status": "measured"}
{"process": 45, "label": "manual-screen-02-95f738b90403f3f88490a27f826e8a2836cecddbfd2ce1282a2e3732a1863fed", "tps": 22.0}
{"process": 87, "stage": "utility-bddcb8c7fd8344038bf896408af9873e-manual-screen-02-613eb17f5c5ca6bcd9549bcbfe2c53f816747af347fed31aa41cdf42158bd57e", "status": "measured"}
{"process": 46, "label": "manual-screen-02-613eb17f5c5ca6bcd9549bcbfe2c53f816747af347fed31aa41cdf42158bd57e", "tps": 20.0}
{"process": 88, "stage": "utility-bddcb8c7fd8344038bf896408af9873e-defaults-pair-00-sealed", "status": "measured"}
{"process": 47, "label": "defaults-pair-00-sealed", "tps": 22.0}
{"process": 89, "stage": "utility-bddcb8c7fd8344038bf896408af9873e-defaults-pair-00-direct", "status": "measured"}
{"process": 48, "label": "defaults-pair-00-direct", "tps": 20.0}
{"process": 90, "stage": "utility-bddcb8c7fd8344038bf896408af9873e-defaults-pair-01-sealed", "status": "measured"}
{"process": 49, "label": "defaults-pair-01-sealed", "tps": 22.0}
{"process": 91, "stage": "utility-bddcb8c7fd8344038bf896408af9873e-defaults-pair-01-direct", "status": "measured"}
{"process": 50, "label": "defaults-pair-01-direct", "tps": 20.0}
{"process": 92, "stage": "utility-bddcb8c7fd8344038bf896408af9873e-defaults-pair-02-direct", "status": "measured"}
{"process": 51, "label": "defaults-pair-02-direct", "tps": 20.0}
{"process": 93, "stage": "utility-bddcb8c7fd8344038bf896408af9873e-defaults-pair-02-sealed", "status": "measured"}
{"process": 52, "label": "defaults-pair-02-sealed", "tps": 22.0}
{"process": 94, "stage": "utility-bddcb8c7fd8344038bf896408af9873e-defaults-pair-03-sealed", "status": "measured"}
{"process": 53, "label": "defaults-pair-03-sealed", "tps": 22.0}
{"process": 95, "stage": "utility-bddcb8c7fd8344038bf896408af9873e-defaults-pair-03-direct", "status": "measured"}
{"process": 54, "label": "defaults-pair-03-direct", "tps": 20.0}
{"process": 96, "stage": "utility-bddcb8c7fd8344038bf896408af9873e-defaults-pair-04-direct", "status": "measured"}
{"process": 55, "label": "defaults-pair-04-direct", "tps": 20.0}
{"process": 97, "stage": "utility-bddcb8c7fd8344038bf896408af9873e-defaults-pair-04-sealed", "status": "measured"}
{"process": 56, "label": "defaults-pair-04-sealed", "tps": 22.0}
{"process": 98, "stage": "utility-bddcb8c7fd8344038bf896408af9873e-defaults-pair-05-direct", "status": "measured"}
{"process": 57, "label": "defaults-pair-05-direct", "tps": 20.0}
{"process": 99, "stage": "utility-bddcb8c7fd8344038bf896408af9873e-defaults-pair-05-sealed", "status": "measured"}
{"process": 58, "label": "defaults-pair-05-sealed", "tps": 22.0}
{"process": 100, "stage": "utility-bddcb8c7fd8344038bf896408af9873e-defaults-pair-06-direct", "status": "measured"}
{"process": 59, "label": "defaults-pair-06-direct", "tps": 20.0}
{"process": 101, "stage": "utility-bddcb8c7fd8344038bf896408af9873e-defaults-pair-06-sealed", "status": "measured"}
{"process": 60, "label": "defaults-pair-06-sealed", "tps": 22.0}
{"process": 102, "stage": "utility-bddcb8c7fd8344038bf896408af9873e-defaults-pair-07-sealed", "status": "measured"}
{"process": 61, "label": "defaults-pair-07-sealed", "tps": 22.0}
{"process": 103, "stage": "utility-bddcb8c7fd8344038bf896408af9873e-defaults-pair-07-direct", "status": "measured"}
{"process": 62, "label": "defaults-pair-07-direct", "tps": 20.0}
{"process": 104, "stage": "utility-bddcb8c7fd8344038bf896408af9873e-defaults-pair-08-sealed", "status": "measured"}
{"process": 63, "label": "defaults-pair-08-sealed", "tps": 22.0}
{"process": 105, "stage": "utility-bddcb8c7fd8344038bf896408af9873e-defaults-pair-08-direct", "status": "measured"}
{"process": 64, "label": "defaults-pair-08-direct", "tps": 20.0}
{"process": 106, "stage": "utility-bddcb8c7fd8344038bf896408af9873e-defaults-pair-09-direct", "status": "measured"}
{"process": 65, "label": "defaults-pair-09-direct", "tps": 20.0}
{"process": 107, "stage": "utility-bddcb8c7fd8344038bf896408af9873e-defaults-pair-09-sealed", "status": "measured"}
{"process": 66, "label": "defaults-pair-09-sealed", "tps": 22.0}
{"process": 108, "stage": "confirmation", "status": "measured"}
{"process": 67, "label": "manual-pair-00-sealed", "tps": 22.0}
{"process": 109, "stage": "utility-bddcb8c7fd8344038bf896408af9873e-manual-pair-00-direct", "status": "measured"}
{"process": 68, "label": "manual-pair-00-direct", "tps": 22.0}
{"process": 110, "stage": "confirmation", "status": "measured"}
{"process": 69, "label": "manual-pair-01-sealed", "tps": 22.0}
{"process": 111, "stage": "utility-bddcb8c7fd8344038bf896408af9873e-manual-pair-01-direct", "status": "measured"}
{"process": 70, "label": "manual-pair-01-direct", "tps": 22.0}
{"process": 112, "stage": "utility-bddcb8c7fd8344038bf896408af9873e-manual-pair-02-direct", "status": "measured"}
{"process": 71, "label": "manual-pair-02-direct", "tps": 22.0}
{"process": 113, "stage": "confirmation", "status": "measured"}
{"process": 72, "label": "manual-pair-02-sealed", "tps": 22.0}
{"process": 114, "stage": "confirmation", "status": "measured"}
{"process": 73, "label": "manual-pair-03-sealed", "tps": 22.0}
{"process": 115, "stage": "utility-bddcb8c7fd8344038bf896408af9873e-manual-pair-03-direct", "status": "measured"}
{"process": 74, "label": "manual-pair-03-direct", "tps": 22.0}
{"process": 116, "stage": "utility-bddcb8c7fd8344038bf896408af9873e-manual-pair-04-direct", "status": "measured"}
{"process": 75, "label": "manual-pair-04-direct", "tps": 22.0}
{"process": 117, "stage": "confirmation", "status": "measured"}
{"process": 76, "label": "manual-pair-04-sealed", "tps": 22.0}
{"process": 118, "stage": "utility-bddcb8c7fd8344038bf896408af9873e-manual-pair-05-direct", "status": "measured"}
{"process": 77, "label": "manual-pair-05-direct", "tps": 22.0}
{"process": 119, "stage": "confirmation", "status": "measured"}
{"process": 78, "label": "manual-pair-05-sealed", "tps": 22.0}
{"process": 120, "stage": "utility-bddcb8c7fd8344038bf896408af9873e-manual-pair-06-direct", "status": "measured"}
{"process": 79, "label": "manual-pair-06-direct", "tps": 22.0}
{"process": 121, "stage": "confirmation", "status": "measured"}
{"process": 80, "label": "manual-pair-06-sealed", "tps": 22.0}
{"process": 122, "stage": "confirmation", "status": "measured"}
{"process": 81, "label": "manual-pair-07-sealed", "tps": 22.0}
{"process": 123, "stage": "utility-bddcb8c7fd8344038bf896408af9873e-manual-pair-07-direct", "status": "measured"}
{"process": 82, "label": "manual-pair-07-direct", "tps": 22.0}
{"process": 124, "stage": "confirmation", "status": "measured"}
{"process": 83, "label": "manual-pair-08-sealed", "tps": 22.0}
{"process": 125, "stage": "utility-bddcb8c7fd8344038bf896408af9873e-manual-pair-08-direct", "status": "measured"}
{"process": 84, "label": "manual-pair-08-direct", "tps": 22.0}
{"process": 126, "stage": "utility-bddcb8c7fd8344038bf896408af9873e-manual-pair-09-direct", "status": "measured"}
{"process": 85, "label": "manual-pair-09-direct", "tps": 22.0}
{"process": 127, "stage": "confirmation", "status": "measured"}
{"process": 86, "label": "manual-pair-09-sealed", "tps": 22.0}
{"process": 128, "stage": "product-5879220714be498b9b29257da6e192f9-00-sealed", "status": "measured"}
{"process": 129, "stage": "product-5879220714be498b9b29257da6e192f9-00-direct", "status": "measured"}
{"process": 130, "stage": "product-5879220714be498b9b29257da6e192f9-01-sealed", "status": "measured"}
{"process": 131, "stage": "product-5879220714be498b9b29257da6e192f9-01-direct", "status": "measured"}
{"process": 132, "stage": "product-5879220714be498b9b29257da6e192f9-02-direct", "status": "measured"}
{"process": 133, "stage": "product-5879220714be498b9b29257da6e192f9-02-sealed", "status": "measured"}
{"process": 134, "stage": "product-5879220714be498b9b29257da6e192f9-03-sealed", "status": "measured"}
{"process": 135, "stage": "product-5879220714be498b9b29257da6e192f9-03-direct", "status": "measured"}
{"process": 136, "stage": "product-5879220714be498b9b29257da6e192f9-04-direct", "status": "measured"}
{"process": 137, "stage": "product-5879220714be498b9b29257da6e192f9-04-sealed", "status": "measured"}
{"process": 138, "stage": "product-5879220714be498b9b29257da6e192f9-05-direct", "status": "measured"}
{"process": 139, "stage": "product-5879220714be498b9b29257da6e192f9-05-sealed", "status": "measured"}
{"process": 140, "stage": "product-5879220714be498b9b29257da6e192f9-06-direct", "status": "measured"}
{"process": 141, "stage": "product-5879220714be498b9b29257da6e192f9-06-sealed", "status": "measured"}
{"process": 142, "stage": "product-5879220714be498b9b29257da6e192f9-07-sealed", "status": "measured"}
{"process": 143, "stage": "product-5879220714be498b9b29257da6e192f9-07-direct", "status": "measured"}
{"process": 144, "stage": "product-5879220714be498b9b29257da6e192f9-08-sealed", "status": "measured"}
{"process": 145, "stage": "product-5879220714be498b9b29257da6e192f9-08-direct", "status": "measured"}
{"process": 146, "stage": "product-5879220714be498b9b29257da6e192f9-09-direct", "status": "measured"}
{"process": 147, "stage": "product-5879220714be498b9b29257da6e192f9-09-sealed", "status": "measured"}
{"process": 148, "stage": "accepted-stock-run", "status": "measured"}
=========================== short test summary info ===========================
FAILED tests/test_compiler_stock_repeatability.py::test_collector_persists_full_elapsed_cost_and_reconstructs_before_success
1 failed, 29 deselected in 106.09s (0:01:46)
